// Jest Snapshot v1, https://goo.gl/fbAQLP

exports[`Image Render should render correctly 1`] = `
<div
  className="sc-bczRLJ ebrsDA"
  data-testid="Image"
>
  <picture
    className="sc-dkzDqf iTkAXJ"
  >
    <img
      alt="background"
      className="sc-gsnTZi iwRLKw"
      data-testid="ImageElement"
      src="https://picsum.photos/200"
    />
  </picture>
</div>
`;
